{"timestamp":"2026-07-26T08:16:15.908Z","level":"info","service":"node-backend","requestId":"system","message":"MongoDB connected successfully"}
{"timestamp":"2026-07-26T08:16:15.913Z","level":"info","service":"node-backend","requestId":"system","message":"Server running on http://localhost:5000"}
{"timestamp":"2026-07-26T08:30:10.126Z","level":"info","service":"node-backend","requestId":"7c459cd9-68e7-49ca-a313-8ac34f879f5e","message":"Incoming HTTP Request","method":"GET","path":"/api/places"}
{"timestamp":"2026-07-26T08:30:10.147Z","level":"error","service":"node-backend","requestId":"7c459cd9-68e7-49ca-a313-8ac34f879f5e","message":"HTTP Server Error Response","method":"GET","path":"/api/places","status":500,"durationMs":21}
{"timestamp":"2026-07-26T08:30:10.152Z","level":"info","service":"node-backend","requestId":"b554e852-0979-4594-9afc-dcc063ef12f1","message":"Incoming HTTP Request","method":"GET","path":"/api/places"}
{"timestamp":"2026-07-26T08:30:10.156Z","level":"error","service":"node-backend","requestId":"b554e852-0979-4594-9afc-dcc063ef12f1","message":"HTTP Server Error Response","method":"GET","path":"/api/places","status":500,"durationMs":4}
{"timestamp":"2026-07-26T08:30:10.158Z","level":"info","service":"node-backend","requestId":"0fc20556-2bac-4be4-9899-736066de5828","message":"Incoming HTTP Request","method":"GET","path":"/api/places"}
{"timestamp":"2026-07-26T08:30:10.161Z","level":"error","service":"node-backend","requestId":"0fc20556-2bac-4be4-9899-736066de5828","message":"HTTP Server Error Response","method":"GET","path":"/api/places","status":500,"durationMs":3}
{"timestamp":"2026-07-26T08:31:44.827Z","level":"info","service":"node-backend","requestId":"99473ddb-5e1f-41b8-9a8e-bee16d84bb30","message":"Incoming HTTP Request","method":"GET","path":"/api/places"}
{"timestamp":"2026-07-26T08:31:44.830Z","level":"error","service":"node-backend","requestId":"99473ddb-5e1f-41b8-9a8e-bee16d84bb30","message":"HTTP Server Error Response","method":"GET","path":"/api/places","status":500,"durationMs":2}
{"timestamp":"2026-07-26T08:31:44.833Z","level":"info","service":"node-backend","requestId":"02672ddf-8cd7-4f0d-8d03-47c8e7ab4671","message":"Incoming HTTP Request","method":"GET","path":"/api/places"}
{"timestamp":"2026-07-26T08:31:44.836Z","level":"error","service":"node-backend","requestId":"02672ddf-8cd7-4f0d-8d03-47c8e7ab4671","message":"HTTP Server Error Response","method":"GET","path":"/api/places","status":500,"durationMs":2}
{"timestamp":"2026-07-26T08:31:44.837Z","level":"info","service":"node-backend","requestId":"888a0a93-0da3-408f-90a9-e73c1def2c16","message":"Incoming HTTP Request","method":"GET","path":"/api/places"}
{"timestamp":"2026-07-26T08:31:44.839Z","level":"error","service":"node-backend","requestId":"888a0a93-0da3-408f-90a9-e73c1def2c16","message":"HTTP Server Error Response","method":"GET","path":"/api/places","status":500,"durationMs":1}
{"timestamp":"2026-07-26T08:35:21.691Z","level":"info","service":"node-backend","requestId":"aa01bffc-6b8c-4b9d-914c-93f6cc25f138","message":"Incoming HTTP Request","method":"OPTIONS","path":"/api/users/profile"}
{"timestamp":"2026-07-26T08:35:21.696Z","level":"info","service":"node-backend","requestId":"aa01bffc-6b8c-4b9d-914c-93f6cc25f138","message":"HTTP Success Response","method":"OPTIONS","path":"/api/users/profile","status":204,"durationMs":4}
{"timestamp":"2026-07-26T08:35:21.697Z","level":"info","service":"node-backend","requestId":"da29bc6e-ff5b-4ef5-b487-d676d6b050f1","message":"Incoming HTTP Request","method":"OPTIONS","path":"/api/users/profile"}
{"timestamp":"2026-07-26T08:35:21.698Z","level":"info","service":"node-backend","requestId":"da29bc6e-ff5b-4ef5-b487-d676d6b050f1","message":"HTTP Success Response","method":"OPTIONS","path":"/api/users/profile","status":204,"durationMs":1}
{"timestamp":"2026-07-26T08:35:21.704Z","level":"info","service":"node-backend","requestId":"811fb08b-484b-4e48-b69b-427758859dc6","message":"Incoming HTTP Request","method":"GET","path":"/api/users/profile"}
{"timestamp":"2026-07-26T08:35:21.958Z","level":"info","service":"node-backend","requestId":"811fb08b-484b-4e48-b69b-427758859dc6","message":"HTTP Success Response","method":"GET","path":"/api/users/profile","status":304,"durationMs":253}
{"timestamp":"2026-07-26T08:35:21.959Z","level":"info","service":"node-backend","requestId":"50331545-e380-4d8a-a139-87ae02ad5da6","message":"Incoming HTTP Request","method":"GET","path":"/api/users/profile"}
{"timestamp":"2026-07-26T08:35:22.063Z","level":"info","service":"node-backend","requestId":"50331545-e380-4d8a-a139-87ae02ad5da6","message":"HTTP Success Response","method":"GET","path":"/api/users/profile","status":304,"durationMs":104}
{"timestamp":"2026-07-26T08:35:59.788Z","level":"info","service":"node-backend","requestId":"system","message":"MongoDB connected successfully"}
{"timestamp":"2026-07-26T08:35:59.795Z","level":"info","service":"node-backend","requestId":"system","message":"Server running on http://localhost:5000"}
{"timestamp":"2026-07-26T08:36:02.369Z","level":"info","service":"node-backend","requestId":"d9ec8580-4807-47f8-b4ab-3c28efef01a3","message":"Incoming HTTP Request","method":"OPTIONS","path":"/api/users/profile"}
{"timestamp":"2026-07-26T08:36:02.378Z","level":"info","service":"node-backend","requestId":"d9ec8580-4807-47f8-b4ab-3c28efef01a3","message":"HTTP Success Response","method":"OPTIONS","path":"/api/users/profile","status":204,"durationMs":9}
{"timestamp":"2026-07-26T08:36:02.384Z","level":"info","service":"node-backend","requestId":"d80c23ab-5bd8-4348-9a1c-13558a662a03","message":"Incoming HTTP Request","method":"OPTIONS","path":"/api/users/profile"}
{"timestamp":"2026-07-26T08:36:02.390Z","level":"info","service":"node-backend","requestId":"d80c23ab-5bd8-4348-9a1c-13558a662a03","message":"HTTP Success Response","method":"OPTIONS","path":"/api/users/profile","status":204,"durationMs":5}
{"timestamp":"2026-07-26T08:36:02.401Z","level":"info","service":"node-backend","requestId":"10b20d73-f88d-4198-b228-96ba458beae3","message":"Incoming HTTP Request","method":"GET","path":"/api/users/profile"}
{"timestamp":"2026-07-26T08:36:02.678Z","level":"info","service":"node-backend","requestId":"10b20d73-f88d-4198-b228-96ba458beae3","message":"HTTP Success Response","method":"GET","path":"/api/users/profile","status":304,"durationMs":277}
{"timestamp":"2026-07-26T08:36:02.687Z","level":"info","service":"node-backend","requestId":"9d102942-41b6-450d-b690-d7b75330fe72","message":"Incoming HTTP Request","method":"GET","path":"/api/users/profile"}
{"timestamp":"2026-07-26T08:36:02.833Z","level":"info","service":"node-backend","requestId":"9d102942-41b6-450d-b690-d7b75330fe72","message":"HTTP Success Response","method":"GET","path":"/api/users/profile","status":304,"durationMs":146}
{"timestamp":"2026-07-26T08:42:27.612Z","level":"info","service":"node-backend","requestId":"30cb2ae7-61fa-4f90-9807-f2d81c163391","message":"Incoming HTTP Request","method":"OPTIONS","path":"/api/users/profile"}
{"timestamp":"2026-07-26T08:42:27.623Z","level":"info","service":"node-backend","requestId":"30cb2ae7-61fa-4f90-9807-f2d81c163391","message":"HTTP Success Response","method":"OPTIONS","path":"/api/users/profile","status":204,"durationMs":10}
{"timestamp":"2026-07-26T08:42:27.626Z","level":"info","service":"node-backend","requestId":"a6f81aa4-9abe-475d-840e-7e29d6bdac4f","message":"Incoming HTTP Request","method":"OPTIONS","path":"/api/users/profile"}
{"timestamp":"2026-07-26T08:42:27.639Z","level":"info","service":"node-backend","requestId":"a6f81aa4-9abe-475d-840e-7e29d6bdac4f","message":"HTTP Success Response","method":"OPTIONS","path":"/api/users/profile","status":204,"durationMs":12}
{"timestamp":"2026-07-26T08:42:27.756Z","level":"info","service":"node-backend","requestId":"278b377f-6cd9-4367-8548-514a5fd2fb4d","message":"Incoming HTTP Request","method":"GET","path":"/api/users/profile"}
{"timestamp":"2026-07-26T08:42:28.149Z","level":"info","service":"node-backend","requestId":"278b377f-6cd9-4367-8548-514a5fd2fb4d","message":"HTTP Success Response","method":"GET","path":"/api/users/profile","status":304,"durationMs":382}
{"timestamp":"2026-07-26T08:42:28.199Z","level":"info","service":"node-backend","requestId":"27653548-0dac-4014-8b6d-108fae15fab0","message":"Incoming HTTP Request","method":"GET","path":"/api/users/profile"}
{"timestamp":"2026-07-26T08:42:28.468Z","level":"info","service":"node-backend","requestId":"27653548-0dac-4014-8b6d-108fae15fab0","message":"HTTP Success Response","method":"GET","path":"/api/users/profile","status":304,"durationMs":269}
{"timestamp":"2026-07-26T08:43:46.964Z","level":"info","service":"node-backend","requestId":"ee8e7f0e-b76e-4465-ba22-d6761f4a4563","message":"Incoming HTTP Request","method":"OPTIONS","path":"/api/users/profile"}
{"timestamp":"2026-07-26T08:43:46.968Z","level":"info","service":"node-backend","requestId":"ee8e7f0e-b76e-4465-ba22-d6761f4a4563","message":"HTTP Success Response","method":"OPTIONS","path":"/api/users/profile","status":204,"durationMs":3}
{"timestamp":"2026-07-26T08:43:46.970Z","level":"info","service":"node-backend","requestId":"4954235d-da5e-4d1f-b49f-595719daf343","message":"Incoming HTTP Request","method":"OPTIONS","path":"/api/users/profile"}
{"timestamp":"2026-07-26T08:43:46.972Z","level":"info","service":"node-backend","requestId":"4954235d-da5e-4d1f-b49f-595719daf343","message":"HTTP Success Response","method":"OPTIONS","path":"/api/users/profile","status":204,"durationMs":1}
{"timestamp":"2026-07-26T08:43:46.990Z","level":"info","service":"node-backend","requestId":"8a35defe-b575-484a-993e-3f27343fa561","message":"Incoming HTTP Request","method":"GET","path":"/api/users/profile"}
{"timestamp":"2026-07-26T08:43:47.102Z","level":"info","service":"node-backend","requestId":"8a35defe-b575-484a-993e-3f27343fa561","message":"HTTP Success Response","method":"GET","path":"/api/users/profile","status":304,"durationMs":112}
{"timestamp":"2026-07-26T08:43:47.108Z","level":"info","service":"node-backend","requestId":"5fe93674-a4ec-4416-863c-dea67954a7de","message":"Incoming HTTP Request","method":"GET","path":"/api/users/profile"}
{"timestamp":"2026-07-26T08:43:47.336Z","level":"info","service":"node-backend","requestId":"5fe93674-a4ec-4416-863c-dea67954a7de","message":"HTTP Success Response","method":"GET","path":"/api/users/profile","status":304,"durationMs":228}
{"timestamp":"2026-07-26T08:45:54.556Z","level":"info","service":"node-backend","requestId":"d649d1d0-5c9a-498d-b84d-112a12e9f83e","message":"Incoming HTTP Request","method":"OPTIONS","path":"/api/users/profile"}
{"timestamp":"2026-07-26T08:45:54.558Z","level":"info","service":"node-backend","requestId":"d649d1d0-5c9a-498d-b84d-112a12e9f83e","message":"HTTP Success Response","method":"OPTIONS","path":"/api/users/profile","status":204,"durationMs":1}
{"timestamp":"2026-07-26T08:45:54.563Z","level":"info","service":"node-backend","requestId":"e53d982b-ab8c-447e-bfe4-5fc4ec88128c","message":"Incoming HTTP Request","method":"GET","path":"/api/users/profile"}
{"timestamp":"2026-07-26T08:45:55.243Z","level":"info","service":"node-backend","requestId":"e53d982b-ab8c-447e-bfe4-5fc4ec88128c","message":"HTTP Success Response","method":"GET","path":"/api/users/profile","status":304,"durationMs":679}
